Archive member included to satisfy reference by file (symbol)

/opt/gcc-arm/bin/../lib/gcc/arm-none-eabi/7.2.1/thumb/v6-m/libgcc.a(_udivsi3.o)
                              ./system/src/stm32f0-stdperiph/stm32f0xx_rcc.o (__aeabi_uidiv)
/opt/gcc-arm/bin/../lib/gcc/arm-none-eabi/7.2.1/thumb/v6-m/libgcc.a(_dvmd_tls.o)
                              /opt/gcc-arm/bin/../lib/gcc/arm-none-eabi/7.2.1/thumb/v6-m/libgcc.a(_udivsi3.o) (__aeabi_idiv0)
/opt/gcc-arm/bin/../lib/gcc/arm-none-eabi/7.2.1/../../../../arm-none-eabi/lib/thumb/v6-m/libg_nano.a(lib_a-abs.o)
                              ./src/main.o (abs)
/opt/gcc-arm/bin/../lib/gcc/arm-none-eabi/7.2.1/../../../../arm-none-eabi/lib/thumb/v6-m/libg_nano.a(lib_a-errno.o)
                              ./system/src/newlib/_sbrk.o (__errno)
/opt/gcc-arm/bin/../lib/gcc/arm-none-eabi/7.2.1/../../../../arm-none-eabi/lib/thumb/v6-m/libg_nano.a(lib_a-impure.o)
                              /opt/gcc-arm/bin/../lib/gcc/arm-none-eabi/7.2.1/../../../../arm-none-eabi/lib/thumb/v6-m/libg_nano.a(lib_a-errno.o) (_impure_ptr)

Allocating common symbols
Common symbol       size              file

errno               0x4               ./system/src/newlib/_syscalls.o
microseconds        0x4               ./src/main.o
SEND_BUFFER         0x6               ./src/main.o
x_center            0x2               ./src/main.o
DMA_BUFFER          0x6               ./src/main.o
INPUT_BUFFER        0x2               ./src/main.o

Discarded input sections

 .group         0x0000000000000000        0xc ./system/src/stm32f0-stdperiph/stm32f0xx_dma.o
 .group         0x0000000000000000        0xc ./system/src/stm32f0-stdperiph/stm32f0xx_dma.o
 .group         0x0000000000000000        0xc ./system/src/stm32f0-stdperiph/stm32f0xx_dma.o
 .group         0x0000000000000000        0xc ./system/src/stm32f0-stdperiph/stm32f0xx_dma.o
 .group         0x0000000000000000        0xc ./system/src/stm32f0-stdperiph/stm32f0xx_dma.o
 .group         0x0000000000000000        0xc ./system/src/stm32f0-stdperiph/stm32f0xx_dma.o
 .group         0x0000000000000000        0xc ./system/src/stm32f0-stdperiph/stm32f0xx_dma.o
 .group         0x0000000000000000        0xc ./system/src/stm32f0-stdperiph/stm32f0xx_dma.o
 .group         0x0000000000000000        0xc ./system/src/stm32f0-stdperiph/stm32f0xx_dma.o
 .group         0x0000000000000000        0xc ./system/src/stm32f0-stdperiph/stm32f0xx_dma.o
 .group         0x0000000000000000        0xc ./system/src/stm32f0-stdperiph/stm32f0xx_dma.o
 .group         0x0000000000000000        0xc ./system/src/stm32f0-stdperiph/stm32f0xx_dma.o
 .group         0x0000000000000000        0xc ./system/src/stm32f0-stdperiph/stm32f0xx_dma.o
 .group         0x0000000000000000        0xc ./system/src/stm32f0-stdperiph/stm32f0xx_dma.o
 .group         0x0000000000000000        0xc ./system/src/stm32f0-stdperiph/stm32f0xx_dma.o
 .group         0x0000000000000000        0xc ./system/src/stm32f0-stdperiph/stm32f0xx_dma.o
 .group         0x0000000000000000        0xc ./system/src/stm32f0-stdperiph/stm32f0xx_dma.o
 .group         0x0000000000000000        0xc ./system/src/stm32f0-stdperiph/stm32f0xx_dma.o
 .group         0x0000000000000000        0xc ./system/src/stm32f0-stdperiph/stm32f0xx_dma.o
 .group         0x0000000000000000        0xc ./system/src/stm32f0-stdperiph/stm32f0xx_dma.o
 .group         0x0000000000000000        0xc ./system/src/stm32f0-stdperiph/stm32f0xx_dma.o
 .group         0x0000000000000000        0xc ./system/src/stm32f0-stdperiph/stm32f0xx_dma.o
 .group         0x0000000000000000        0xc ./system/src/stm32f0-stdperiph/stm32f0xx_dma.o
 .group         0x0000000000000000        0xc ./system/src/stm32f0-stdperiph/stm32f0xx_dma.o
 .group         0x0000000000000000        0xc ./system/src/stm32f0-stdperiph/stm32f0xx_dma.o
 .group         0x0000000000000000        0xc ./system/src/stm32f0-stdperiph/stm32f0xx_dma.o
 .group         0x0000000000000000        0xc ./system/src/stm32f0-stdperiph/stm32f0xx_dma.o
 .group         0x0000000000000000        0xc ./system/src/stm32f0-stdperiph/stm32f0xx_dma.o
 .group         0x0000000000000000        0xc ./system/src/stm32f0-stdperiph/stm32f0xx_dma.o
 .group         0x0000000000000000        0xc ./system/src/stm32f0-stdperiph/stm32f0xx_dma.o
 .text          0x0000000000000000        0x0 ./system/src/stm32f0-stdperiph/stm32f0xx_dma.o
 .data          0x0000000000000000        0x0 ./system/src/stm32f0-stdperiph/stm32f0xx_dma.o
 .bss           0x0000000000000000        0x0 ./system/src/stm32f0-stdperiph/stm32f0xx_dma.o
 .text.DMA_StructInit
                0x0000000000000000       0x52 ./system/src/stm32f0-stdperiph/stm32f0xx_dma.o
 .text.DMA_RemapConfig
                0x0000000000000000      0x898 ./system/src/stm32f0-stdperiph/stm32f0xx_dma.o
 .text.DMA_GetCurrDataCounter
                0x0000000000000000       0xb8 ./system/src/stm32f0-stdperiph/stm32f0xx_dma.o
 .text.DMA_ITConfig
[...]
Memory Configuration

Name             Origin             Length             Attributes
RAM              0x0000000020000000 0x0000000000002000 xrw
CCMRAM           0x0000000000000000 0x0000000000000000 xrw
FLASH            0x0000000008000000 0x0000000000008000 xr
FLASHB1          0x0000000000000000 0x0000000000000000 xr
EXTMEMB0         0x0000000000000000 0x0000000000000000 xr
EXTMEMB1         0x0000000000000000 0x0000000000000000 xr
EXTMEMB2         0x0000000000000000 0x0000000000000000 xr
EXTMEMB3         0x0000000000000000 0x0000000000000000 xr
MEMORY_ARRAY     0x0000000000000000 0x0000000000000000 xrw
*default*        0x0000000000000000 0xffffffffffffffff

Linker script and memory map

LOAD ./system/src/stm32f0-stdperiph/stm32f0xx_dma.o
LOAD ./system/src/stm32f0-stdperiph/stm32f0xx_gpio.o
LOAD ./system/src/stm32f0-stdperiph/stm32f0xx_misc.o
LOAD ./system/src/stm32f0-stdperiph/stm32f0xx_rcc.o
LOAD ./system/src/stm32f0-stdperiph/stm32f0xx_usart.o
LOAD ./system/src/newlib/_cxx.o
LOAD ./system/src/newlib/_exit.o
LOAD ./system/src/newlib/_sbrk.o
LOAD ./system/src/newlib/_startup.o
LOAD ./system/src/newlib/_syscalls.o
LOAD ./system/src/newlib/assert.o
LOAD ./system/src/diag/Trace.o
LOAD ./system/src/diag/trace_impl.o
LOAD ./system/src/cortexm/_initialize_hardware.o
LOAD ./system/src/cortexm/_reset_hardware.o
LOAD ./system/src/cortexm/exception_handlers.o
LOAD ./system/src/cmsis/system_stm32f0xx.o
LOAD ./system/src/cmsis/vectors_stm32f0xx.o
LOAD ./src/_write.o
LOAD ./src/main.o
LOAD /opt/gcc-arm/bin/../lib/gcc/arm-none-eabi/7.2.1/../../../../arm-none-eabi/lib/thumb/v6-m/libstdc++_nano.a
LOAD /opt/gcc-arm/bin/../lib/gcc/arm-none-eabi/7.2.1/../../../../arm-none-eabi/lib/thumb/v6-m/libm.a
START GROUP
LOAD /opt/gcc-arm/bin/../lib/gcc/arm-none-eabi/7.2.1/thumb/v6-m/libgcc.a
LOAD /opt/gcc-arm/bin/../lib/gcc/arm-none-eabi/7.2.1/../../../../arm-none-eabi/lib/thumb/v6-m/libg_nano.a
LOAD /opt/gcc-arm/bin/../lib/gcc/arm-none-eabi/7.2.1/../../../../arm-none-eabi/lib/thumb/v6-m/libc_nano.a
END GROUP
START GROUP
LOAD /opt/gcc-arm/bin/../lib/gcc/arm-none-eabi/7.2.1/thumb/v6-m/libgcc.a
LOAD /opt/gcc-arm/bin/../lib/gcc/arm-none-eabi/7.2.1/../../../../arm-none-eabi/lib/thumb/v6-m/libc_nano.a
END GROUP
                0x0000000020002000                __stack = (ORIGIN (RAM) + LENGTH (RAM))
                0x0000000020002000                _estack = __stack
                0x0000000000000400                __Main_Stack_Size = 0x400
                [!provide]                        PROVIDE (_Main_Stack_Size, __Main_Stack_Size)
                0x0000000020001c00                __Main_Stack_Limit = (__stack - __Main_Stack_Size)
                [!provide]                        PROVIDE (_Main_Stack_Limit, __Main_Stack_Limit)
                0x0000000000000100                _Minimum_Stack_Size = 0x100
                0x0000000020000060                PROVIDE (_Heap_Begin, _end_noinit)
                0x0000000020001c00                PROVIDE (_Heap_Limit, (__stack - __Main_Stack_Size))

.isr_vector     0x0000000008000000      0x2a0
 FILL mask 0xff
                0x0000000008000000                __vectors_start = ABSOLUTE (.)
                0x0000000008000000                __vectors_start__ = ABSOLUTE (.)
 *(.isr_vector)
 .isr_vector    0x0000000008000000       0xc4 ./system/src/cmsis/vectors_stm32f0xx.o
                0x0000000008000000                g_pfnVectors
 *(.cfmconfig)
 *(.after_vectors .after_vectors.*)
 .after_vectors
                0x00000000080000c4      0x17c ./system/src/newlib/_startup.o
                0x00000000080000c4                _start
 .after_vectors
                0x0000000008000240       0x58 ./system/src/cortexm/exception_handlers.o
                0x0000000008000240                Reset_Handler
                0x0000000008000248                NMI_Handler
                0x0000000008000250                HardFault_Handler
                0x000000000800026a                HardFault_Handler_C
                0x0000000008000278                SVC_Handler
                0x0000000008000280                PendSV_Handler
                0x0000000008000288                SysTick_Handler
 .after_vectors
                0x0000000008000298        0x8 ./system/src/cmsis/vectors_stm32f0xx.o
                0x0000000008000298                TIM1_CC_IRQHandler
                0x0000000008000298                TSC_IRQHandler
                0x0000000008000298                ADC1_COMP_IRQHandler
                0x0000000008000298                TIM6_IRQHandler
                0x0000000008000298                PVD_IRQHandler
                0x0000000008000298                I2C1_IRQHandler
                0x0000000008000298                RCC_CRS_IRQHandler
                0x0000000008000298                SPI1_IRQHandler
                0x0000000008000298                TIM6_DAC_IRQHandler
                0x0000000008000298                USART3_4_IRQHandler
                0x0000000008000298                EXTI2_3_IRQHandler
                0x0000000008000298                ADC1_IRQHandler
                0x0000000008000298                I2C2_IRQHandler
                0x0000000008000298                USART3_6_IRQHandler
                0x0000000008000298                TIM17_IRQHandler
                0x0000000008000298                CEC_CAN_IRQHandler
                0x0000000008000298                RTC_IRQHandler
                0x0000000008000298                PVD_VDDIO2_IRQHandler
                0x0000000008000298                DMA1_Channel4_5_6_7_IRQHandler
                0x0000000008000298                TIM3_IRQHandler
                0x0000000008000298                EXTI4_15_IRQHandler
                0x0000000008000298                RCC_IRQHandler
                0x0000000008000298                USART3_8_IRQHandler
                0x0000000008000298                DMA1_Channel1_IRQHandler
                0x0000000008000298                Default_Handler
                0x0000000008000298                CEC_IRQHandler
                0x0000000008000298                DMA1_Channel4_5_IRQHandler
                0x0000000008000298                TIM7_IRQHandler
                0x0000000008000298                USB_IRQHandler
                0x0000000008000298                DMA1_Ch2_3_DMA2_Ch1_2_IRQHandler
                0x0000000008000298                SPI2_IRQHandler
                0x0000000008000298                DMA1_Ch4_7_DMA2_Ch3_5_IRQHandler
                0x0000000008000298                TS_IRQHandler
                0x0000000008000298                WWDG_IRQHandler
                0x0000000008000298                TIM2_IRQHandler
                0x0000000008000298                DMA1_Channel2_3_IRQHandler
                0x0000000008000298                USART2_IRQHandler
                0x0000000008000298                VDDIO2_IRQHandler
                0x0000000008000298                FLASH_IRQHandler
                0x0000000008000298                TIM1_BRK_UP_TRG_COM_IRQHandler

.inits          0x00000000080002a0       0x28
                0x00000000080002a0                __data_regions_array_start = .
                0x00000000080002a0        0x4 LONG 0x800270c LOADADDR (.data)
                0x00000000080002a4        0x4 LONG 0x20000000 ADDR (.data)
                0x00000000080002a8        0x4 LONG 0x20000038 (ADDR (.data) + SIZEOF (.data))
                0x00000000080002ac        0x4 LONG 0x800270c LOADADDR (.data_CCMRAM)
                0x00000000080002b0        0x4 LONG 0x0 ADDR (.data_CCMRAM)
                0x00000000080002b4        0x4 LONG 0x0 (ADDR (.data_CCMRAM) + SIZEOF (.data_CCMRAM))
                0x00000000080002b8                __data_regions_array_end = .
                0x00000000080002b8                __bss_regions_array_start = .
                0x00000000080002b8        0x4 LONG 0x20000038 ADDR (.bss)
                0x00000000080002bc        0x4 LONG 0x20000060 (ADDR (.bss) + SIZEOF (.bss))
                0x00000000080002c0        0x4 LONG 0x0 ADDR (.bss_CCMRAM)
                0x00000000080002c4        0x4 LONG 0x0 (ADDR (.bss_CCMRAM) + SIZEOF (.bss_CCMRAM))
                0x00000000080002c8                __bss_regions_array_end = .
 *(.init)
 *(.fini)
                0x00000000080002c8                . = ALIGN (0x4)
                0x00000000080002c8                PROVIDE (__preinit_array_start, .)
 *(.preinit_array_sysinit .preinit_array_sysinit.*)
 *(.preinit_array_platform .preinit_array_platform.*)
 *(.preinit_array .preinit_array.*)
                0x00000000080002c8                PROVIDE (__preinit_array_end, .)
                0x00000000080002c8                . = ALIGN (0x4)
                0x00000000080002c8                PROVIDE (__init_array_start, .)
 *(SORT_BY_NAME(.init_array.*))
 *(.init_array)
                0x00000000080002c8                PROVIDE (__init_array_end, .)
                0x00000000080002c8                . = ALIGN (0x4)
                0x00000000080002c8                PROVIDE (__fini_array_start, .)
 *(SORT_BY_NAME(.fini_array.*))
 *(.fini_array)
                0x00000000080002c8                PROVIDE (__fini_array_end, .)

.flashtext
 *(.flashtext .flashtext.*)

.text           0x00000000080002c8     0x2443
 *(.text .text.*)
 .text.DMA_DeInit
                0x00000000080002c8      0x1f4 ./system/src/stm32f0-stdperiph/stm32f0xx_dma.o
                0x00000000080002c8                DMA_DeInit
 .text.DMA_Init
                0x00000000080004bc      0x248 ./system/src/stm32f0-stdperiph/stm32f0xx_dma.o
                0x00000000080004bc                DMA_Init
 .text.DMA_Cmd  0x0000000008000704      0x100 ./system/src/stm32f0-stdperiph/stm32f0xx_dma.o
                0x0000000008000704                DMA_Cmd
 .text.DMA_SetCurrDataCounter
                0x0000000008000804       0xc0 ./system/src/stm32f0-stdperiph/stm32f0xx_dma.o
                0x0000000008000804                DMA_SetCurrDataCounter
 .text.DMA_GetFlagStatus
                0x00000000080008c4      0x28c ./system/src/stm32f0-stdperiph/stm32f0xx_dma.o
                0x00000000080008c4                DMA_GetFlagStatus
 .text.DMA_ClearFlag
                0x0000000008000b50       0x5c ./system/src/stm32f0-stdperiph/stm32f0xx_dma.o
                0x0000000008000b50                DMA_ClearFlag
 .text.NVIC_Init
                0x0000000008000bac       0xdc ./system/src/stm32f0-stdperiph/stm32f0xx_misc.o
                0x0000000008000bac                NVIC_Init
 .text.RCC_GetClocksFreq
                0x0000000008000c88      0x2e8 ./system/src/stm32f0-stdperiph/stm32f0xx_rcc.o
                0x0000000008000c88                RCC_GetClocksFreq
 .text.RCC_AHBPeriphClockCmd
                0x0000000008000f70       0x84 ./system/src/stm32f0-stdperiph/stm32f0xx_rcc.o
                0x0000000008000f70                RCC_AHBPeriphClockCmd
 .text.USART_Init
                0x0000000008000ff4      0x2e0 ./system/src/stm32f0-stdperiph/stm32f0xx_usart.o
                0x0000000008000ff4                USART_Init
 .text.USART_Cmd
                0x00000000080012d4       0xcc ./system/src/stm32f0-stdperiph/stm32f0xx_usart.o
                0x00000000080012d4                USART_Cmd
 .text.USART_ReceiveData
                0x00000000080013a0       0x90 ./system/src/stm32f0-stdperiph/stm32f0xx_usart.o
                0x00000000080013a0                USART_ReceiveData
 .text.USART_DMACmd
                0x0000000008001430       0xec ./system/src/stm32f0-stdperiph/stm32f0xx_usart.o
                0x0000000008001430                USART_DMACmd
 .text.USART_ITConfig
                0x000000000800151c      0x1b4 ./system/src/stm32f0-stdperiph/stm32f0xx_usart.o
                0x000000000800151c                USART_ITConfig
 .text.USART_GetITStatus
                0x00000000080016d0      0x1d8 ./system/src/stm32f0-stdperiph/stm32f0xx_usart.o
                0x00000000080016d0                USART_GetITStatus
 .text._exit    0x00000000080018a8        0xa ./system/src/newlib/_exit.o
                0x00000000080018a8                _exit
 *fill*         0x00000000080018b2        0x2 
 .text.abort    0x00000000080018b4       0x14 ./system/src/newlib/_exit.o
                0x00000000080018b4                abort
 .text.__initialize_args
                0x00000000080018c8       0x24 ./system/src/newlib/_syscalls.o
                0x00000000080018c8                __initialize_args
 .text.assert_failed
                0x00000000080018ec       0x18 ./system/src/newlib/assert.o
                0x00000000080018ec                assert_failed
 .text.__initialize_hardware_early
                0x0000000008001904        0xe ./system/src/cortexm/_initialize_hardware.o
                0x0000000008001904                __initialize_hardware_early
 .text.__initialize_hardware
                0x0000000008001912        0xe ./system/src/cortexm/_initialize_hardware.o
                0x0000000008001912                __initialize_hardware
 .text.SystemInit
                0x0000000008001920       0x8c ./system/src/cmsis/system_stm32f0xx.o
                0x0000000008001920                SystemInit
 .text.SystemCoreClockUpdate
                0x00000000080019ac       0xe0 ./system/src/cmsis/system_stm32f0xx.o
                0x00000000080019ac                SystemCoreClockUpdate
 .text.SetSysClock
                0x0000000008001a8c       0xe0 ./system/src/cmsis/system_stm32f0xx.o
 .text.NVIC_EnableIRQ
                0x0000000008001b6c       0x2c ./src/main.o
 .text.NVIC_SetPriority
                0x0000000008001b98       0xdc ./src/main.o
 .text.main     0x0000000008001c74       0x94 ./src/main.o
                0x0000000008001c74                main
 .text.init_GPIOB
                0x0000000008001d08       0x34 ./src/main.o
                0x0000000008001d08                init_GPIOB
 .text.init_GPIOA
                0x0000000008001d3c       0x8c ./src/main.o
                0x0000000008001d3c                init_GPIOA
 .text.init_TIM14
                0x0000000008001dc8       0x60 ./src/main.o
                0x0000000008001dc8                init_TIM14
 .text.init_TIM15
                0x0000000008001e28       0x60 ./src/main.o
                0x0000000008001e28                init_TIM15
 .text.init_TIM16
                0x0000000008001e88       0x5c ./src/main.o
                0x0000000008001e88                init_TIM16
 .text.init_UART1
                0x0000000008001ee4      0x15c ./src/main.o
                0x0000000008001ee4                init_UART1
 .text.init_DMA
                0x0000000008002040       0x7c ./src/main.o
                0x0000000008002040                init_DMA
 .text.calibrate
                0x00000000080020bc       0x20 ./src/main.o
                0x00000000080020bc                calibrate
 .text.update_motor_control
                0x00000000080020dc       0xa4 ./src/main.o
                0x00000000080020dc                update_motor_control
 .text.update_target_steps
                0x0000000008002180       0xf0 ./src/main.o
                0x0000000008002180                update_target_steps
 .text.TIM14_IRQHandler
                0x0000000008002270       0xa0 ./src/main.o
                0x0000000008002270                TIM14_IRQHandler
 .text.TIM15_IRQHandler
                0x0000000008002310       0xa0 ./src/main.o
                0x0000000008002310                TIM15_IRQHandler
 .text.TIM16_IRQHandler
                0x00000000080023b0       0x2c ./src/main.o
                0x00000000080023b0                TIM16_IRQHandler
 .text.EXTI0_1_IRQHandler
                0x00000000080023dc       0x48 ./src/main.o
                0x00000000080023dc                EXTI0_1_IRQHandler
 .text.USART1_IRQHandler
                0x0000000008002424       0x7c ./src/main.o
                0x0000000008002424                USART1_IRQHandler
 .text          0x00000000080024a0      0x114 /opt/gcc-arm/bin/../lib/gcc/arm-none-eabi/7.2.1/thumb/v6-m/libgcc.a(_udivsi3.o)
                0x00000000080024a0                __udivsi3
                0x00000000080024a0                __aeabi_uidiv
                0x00000000080025ac                __aeabi_uidivmod
 .text          0x00000000080025b4        0x4 /opt/gcc-arm/bin/../lib/gcc/arm-none-eabi/7.2.1/thumb/v6-m/libgcc.a(_dvmd_tls.o)
                0x00000000080025b4                __aeabi_ldiv0
                0x00000000080025b4                __aeabi_idiv0
 .text.abs      0x00000000080025b8        0x8 /opt/gcc-arm/bin/../lib/gcc/arm-none-eabi/7.2.1/../../../../arm-none-eabi/lib/thumb/v6-m/libg_nano.a(lib_a-abs.o)
                0x00000000080025b8                abs
 *(.rodata .rodata.* .constdata .constdata.*)
 .rodata        0x00000000080025c0       0x30 ./system/src/stm32f0-stdperiph/stm32f0xx_dma.o
 .rodata        0x00000000080025f0       0x31 ./system/src/stm32f0-stdperiph/stm32f0xx_misc.o
 *fill*         0x0000000008002621        0x3 
 .rodata        0x0000000008002624       0x30 ./system/src/stm32f0-stdperiph/stm32f0xx_rcc.o
 .rodata        0x0000000008002654       0x32 ./system/src/stm32f0-stdperiph/stm32f0xx_usart.o
 *fill*         0x0000000008002686        0x2 
 .rodata        0x0000000008002688       0x14 ./system/src/newlib/_exit.o
 .rodata        0x000000000800269c       0x6f ./system/src/newlib/assert.o
 *(vtable)
 *(.eh_frame*)
 *(.glue_7)
 .glue_7        0x000000000800270b        0x0 linker stubs
 *(.glue_7t)
 .glue_7t       0x000000000800270b        0x0 linker stubs

.vfp11_veneer   0x000000000800270c        0x0
 .vfp11_veneer  0x000000000800270c        0x0 linker stubs

.v4_bx          0x000000000800270c        0x0
 .v4_bx         0x000000000800270c        0x0 linker stubs

.iplt           0x000000000800270c        0x0
 .iplt          0x000000000800270c        0x0 ./system/src/stm32f0-stdperiph/stm32f0xx_dma.o

.rel.dyn        0x000000000800270c        0x0
 .rel.iplt      0x000000000800270c        0x0 ./system/src/stm32f0-stdperiph/stm32f0xx_dma.o

.ARM.extab
 *(.ARM.extab* .gnu.linkonce.armextab.*)
                0x000000000800270c                . = ALIGN (0x4)
                0x000000000800270c                __exidx_start = .

.ARM.exidx
 *(.ARM.exidx* .gnu.linkonce.armexidx.*)
                0x000000000800270c                __exidx_end = .
                0x000000000800270c                . = ALIGN (0x4)
                0x000000000800270c                _etext = .
                0x000000000800270c                __etext = .

.data_CCMRAM    0x0000000000000000        0x0 load address 0x000000000800270c
 FILL mask 0xff
 *(.data.CCMRAM .data.CCMRAM.*)
                0x0000000000000000                . = ALIGN (0x4)
                0x000000000800270c                _sidata = LOADADDR (.data)

.data           0x0000000020000000       0x38 load address 0x000000000800270c
 FILL mask 0xff
                0x0000000020000000                _sdata = .
                0x0000000020000000                __data_start__ = .
 *(.data_begin .data_begin.*)
 .data_begin    0x0000000020000000        0x4 ./system/src/newlib/_startup.o
 *(.data .data.*)
 .data.APBAHBPrescTable
                0x0000000020000004       0x10 ./system/src/stm32f0-stdperiph/stm32f0xx_rcc.o
 .data.argv.4310
                0x0000000020000014        0x8 ./system/src/newlib/_syscalls.o
 .data.SystemCoreClock
                0x000000002000001c        0x4 ./system/src/cmsis/system_stm32f0xx.o
                0x000000002000001c                SystemCoreClock
 .data.AHBPrescTable
                0x0000000020000020       0x10 ./system/src/cmsis/system_stm32f0xx.o
                0x0000000020000020                AHBPrescTable
 .data.target_steps
                0x0000000020000030        0x2 ./src/main.o
                0x0000000020000030                target_steps
 *(.data_end .data_end.*)
 *fill*         0x0000000020000032        0x2 ff
 .data_end      0x0000000020000034        0x4 ./system/src/newlib/_startup.o
                0x0000000020000038                . = ALIGN (0x4)
                0x0000000020000038                _edata = .
                0x0000000020000038                __data_end__ = .

.igot.plt       0x0000000020000038        0x0 load address 0x0000000008002744
 .igot.plt      0x0000000020000038        0x0 ./system/src/stm32f0-stdperiph/stm32f0xx_dma.o

.bss_CCMRAM     0x0000000000000000        0x0
 *(.bss.CCMRAM .bss.CCMRAM.*)

.bss            0x0000000020000038       0x28
                0x0000000020000038                __bss_start__ = .
                0x0000000020000038                _sbss = .
 *(.bss_begin .bss_begin.*)
 .bss_begin     0x0000000020000038        0x4 ./system/src/newlib/_startup.o
 *(.bss .bss.*)
 .bss.name.4309
                0x000000002000003c        0x1 ./system/src/newlib/_syscalls.o
 .bss.status    0x000000002000003d        0x1 ./src/main.o
                0x000000002000003d                status
 .bss.isCalibrated
                0x000000002000003e        0x1 ./src/main.o
                0x000000002000003e                isCalibrated
 .bss.dir       0x000000002000003f        0x1 ./src/main.o
                0x000000002000003f                dir
 .bss.current_steps
                0x0000000020000040        0x2 ./src/main.o
                0x0000000020000040                current_steps
 .bss.input_buffer_index
                0x0000000020000042        0x1 ./src/main.o
                0x0000000020000042                input_buffer_index
 *(COMMON)
 *fill*         0x0000000020000043        0x1 
 COMMON         0x0000000020000044       0x16 ./src/main.o
                0x0000000020000044                microseconds
                0x0000000020000048                SEND_BUFFER
                0x000000002000004e                x_center
                0x0000000020000050                DMA_BUFFER
                0x0000000020000058                INPUT_BUFFER
 *(.bss_end .bss_end.*)
 *fill*         0x000000002000005a        0x2 
 .bss_end       0x000000002000005c        0x4 ./system/src/newlib/_startup.o
                0x0000000020000060                . = ALIGN (0x4)
                0x0000000020000060                __bss_end__ = .
                0x0000000020000060                _ebss = .

.noinit_CCMRAM
 *(.noinit.CCMRAM .noinit.CCMRAM.*)

.noinit         0x0000000020000060        0x0
                0x0000000020000060                _noinit = .
 *(.noinit .noinit.*)
                0x0000000020000060                . = ALIGN (0x4)
                0x0000000020000060                _end_noinit = .
                [!provide]                        PROVIDE (end, _end_noinit)
                [!provide]                        PROVIDE (_end, _end_noinit)
                [!provide]                        PROVIDE (__end, _end_noinit)
                [!provide]                        PROVIDE (__end__, _end_noinit)

._check_stack   0x0000000020000060      0x100
                0x0000000020000160                . = (. + _Minimum_Stack_Size)
 *fill*         0x0000000020000060      0x100 

.b1text
 *(.b1text)
 *(.b1rodata)
 *(.b1rodata.*)

.eb0text
 *(.eb0text)
 *(.eb0rodata)
 *(.eb0rodata.*)

.eb1text
 *(.eb1text)
 *(.eb1rodata)
 *(.eb1rodata.*)

.eb2text
 *(.eb2text)
 *(.eb2rodata)
 *(.eb2rodata.*)

.eb3text
 *(.eb3text)
 *(.eb3rodata)
 *(.eb3rodata.*)

.stab
 *(.stab)

.stabstr
 *(.stabstr)

.stab.excl
 *(.stab.excl)

.stab.exclstr
 *(.stab.exclstr)

.stab.index
 *(.stab.index)

.stab.indexstr
 *(.stab.indexstr)

.comment        0x0000000000000000       0x7e
 *(.comment)
 .comment       0x0000000000000000       0x7e ./system/src/stm32f0-stdperiph/stm32f0xx_dma.o
                                         0x7f (size before relaxing)
 .comment       0x000000000000007e       0x7f ./system/src/stm32f0-stdperiph/stm32f0xx_misc.o
 .comment       0x000000000000007e       0x7f ./system/src/stm32f0-stdperiph/stm32f0xx_rcc.o
 .comment       0x000000000000007e       0x7f ./system/src/stm32f0-stdperiph/stm32f0xx_usart.o
 .comment       0x000000000000007e       0x7f ./system/src/newlib/_exit.o
 .comment       0x000000000000007e       0x7f ./system/src/newlib/_startup.o
 .comment       0x000000000000007e       0x7f ./system/src/newlib/_syscalls.o
 .comment       0x000000000000007e       0x7f ./system/src/newlib/assert.o
 .comment       0x000000000000007e       0x7f ./system/src/cortexm/_initialize_hardware.o
 .comment       0x000000000000007e       0x7f ./system/src/cortexm/exception_handlers.o
 .comment       0x000000000000007e       0x7f ./system/src/cmsis/system_stm32f0xx.o
 .comment       0x000000000000007e       0x7f ./system/src/cmsis/vectors_stm32f0xx.o
 .comment       0x000000000000007e       0x7f ./src/main.o

.ARM.attributes
                0x0000000000000000       0x31
 .ARM.attributes
                0x0000000000000000       0x31 ./system/src/stm32f0-stdperiph/stm32f0xx_dma.o
 .ARM.attributes
                0x0000000000000031       0x31 ./system/src/stm32f0-stdperiph/stm32f0xx_misc.o
 .ARM.attributes
                0x0000000000000062       0x31 ./system/src/stm32f0-stdperiph/stm32f0xx_rcc.o
 .ARM.attributes
                0x0000000000000093       0x31 ./system/src/stm32f0-stdperiph/stm32f0xx_usart.o
 .ARM.attributes
                0x00000000000000c4       0x31 ./system/src/newlib/_exit.o
 .ARM.attributes
                0x00000000000000f5       0x31 ./system/src/newlib/_startup.o
 .ARM.attributes
                0x0000000000000126       0x31 ./system/src/newlib/_syscalls.o
 .ARM.attributes
                0x0000000000000157       0x31 ./system/src/newlib/assert.o
 .ARM.attributes
                0x0000000000000188       0x31 ./system/src/cortexm/_initialize_hardware.o
 .ARM.attributes
                0x00000000000001b9       0x31 ./system/src/cortexm/exception_handlers.o
 .ARM.attributes
                0x00000000000001ea       0x31 ./system/src/cmsis/system_stm32f0xx.o
 .ARM.attributes
                0x000000000000021b       0x31 ./system/src/cmsis/vectors_stm32f0xx.o
 .ARM.attributes
                0x000000000000024c       0x31 ./src/main.o
 .ARM.attributes
                0x000000000000027d       0x1e /opt/gcc-arm/bin/../lib/gcc/arm-none-eabi/7.2.1/thumb/v6-m/libgcc.a(_udivsi3.o)
 .ARM.attributes
                0x000000000000029b       0x1e /opt/gcc-arm/bin/../lib/gcc/arm-none-eabi/7.2.1/thumb/v6-m/libgcc.a(_dvmd_tls.o)
 .ARM.attributes
                0x00000000000002b9       0x2c /opt/gcc-arm/bin/../lib/gcc/arm-none-eabi/7.2.1/../../../../arm-none-eabi/lib/thumb/v6-m/libg_nano.a(lib_a-abs.o)

.debug
 *(.debug)

.line
 *(.line)

.debug_srcinfo
 *(.debug_srcinfo)

.debug_sfnames
 *(.debug_sfnames)

.debug_aranges  0x0000000000000000      0x5d8
 *(.debug_aranges)
 .debug_aranges
                0x0000000000000000       0x78 ./system/src/stm32f0-stdperiph/stm32f0xx_dma.o
 .debug_aranges
                0x0000000000000078       0x30 ./system/src/stm32f0-stdperiph/stm32f0xx_misc.o
 .debug_aranges
                0x00000000000000a8      0x160 ./system/src/stm32f0-stdperiph/stm32f0xx_rcc.o
 .debug_aranges
                0x0000000000000208      0x1a0 ./system/src/stm32f0-stdperiph/stm32f0xx_usart.o
 .debug_aranges
                0x00000000000003a8       0x28 ./system/src/newlib/_exit.o
 .debug_aranges
                0x00000000000003d0       0x40 ./system/src/newlib/_startup.o
 .debug_aranges
                0x0000000000000410       0x30 ./system/src/newlib/_syscalls.o
 .debug_aranges
                0x0000000000000440       0x28 ./system/src/newlib/assert.o
 .debug_aranges
                0x0000000000000468       0x28 ./system/src/cortexm/_initialize_hardware.o
 .debug_aranges
                0x0000000000000490       0x50 ./system/src/cortexm/exception_handlers.o
 .debug_aranges
                0x00000000000004e0       0x30 ./system/src/cmsis/system_stm32f0xx.o
 .debug_aranges
                0x0000000000000510       0x20 ./system/src/cmsis/vectors_stm32f0xx.o
 .debug_aranges
                0x0000000000000530       0xa8 ./src/main.o

.debug_pubnames
 *(.debug_pubnames)

.debug_info     0x0000000000000000     0x6622
 *(.debug_info .gnu.linkonce.wi.*)
 .debug_info    0x0000000000000000      0x4b8 ./system/src/stm32f0-stdperiph/stm32f0xx_dma.o
 .debug_info    0x00000000000004b8      0x35a ./system/src/stm32f0-stdperiph/stm32f0xx_misc.o
 .debug_info    0x0000000000000812      0xa2c ./system/src/stm32f0-stdperiph/stm32f0xx_rcc.o
 .debug_info    0x000000000000123e      0xe49 ./system/src/stm32f0-stdperiph/stm32f0xx_usart.o
 .debug_info    0x0000000000002087      0x937 ./system/src/newlib/_exit.o
 .debug_info    0x00000000000029be      0x3b9 ./system/src/newlib/_startup.o
 .debug_info    0x0000000000002d77      0x9f7 ./system/src/newlib/_syscalls.o
 .debug_info    0x000000000000376e      0x9a1 ./system/src/newlib/assert.o
 .debug_info    0x000000000000410f       0xb3 ./system/src/cortexm/_initialize_hardware.o
 .debug_info    0x00000000000041c2      0xa09 ./system/src/cortexm/exception_handlers.o
 .debug_info    0x0000000000004bcb      0x2e5 ./system/src/cmsis/system_stm32f0xx.o
 .debug_info    0x0000000000004eb0       0xca ./system/src/cmsis/vectors_stm32f0xx.o
 .debug_info    0x0000000000004f7a     0x16a8 ./src/main.o

.debug_abbrev   0x0000000000000000     0x15a3
 *(.debug_abbrev)
 .debug_abbrev  0x0000000000000000      0x1a2 ./system/src/stm32f0-stdperiph/stm32f0xx_dma.o
 .debug_abbrev  0x00000000000001a2      0x145 ./system/src/stm32f0-stdperiph/stm32f0xx_misc.o
 .debug_abbrev  0x00000000000002e7      0x1ec ./system/src/stm32f0-stdperiph/stm32f0xx_rcc.o
 .debug_abbrev  0x00000000000004d3      0x190 ./system/src/stm32f0-stdperiph/stm32f0xx_usart.o
 .debug_abbrev  0x0000000000000663      0x1f9 ./system/src/newlib/_exit.o
 .debug_abbrev  0x000000000000085c      0x15b ./system/src/newlib/_startup.o
 .debug_abbrev  0x00000000000009b7      0x21f ./system/src/newlib/_syscalls.o
 .debug_abbrev  0x0000000000000bd6      0x1e3 ./system/src/newlib/assert.o
 .debug_abbrev  0x0000000000000db9       0x63 ./system/src/cortexm/_initialize_hardware.o
 .debug_abbrev  0x0000000000000e1c      0x215 ./system/src/cortexm/exception_handlers.o
 .debug_abbrev  0x0000000000001031      0x15b ./system/src/cmsis/system_stm32f0xx.o
 .debug_abbrev  0x000000000000118c       0x9d ./system/src/cmsis/vectors_stm32f0xx.o
 .debug_abbrev  0x0000000000001229      0x37a ./src/main.o

.debug_line     0x0000000000000000     0x4d2e
 *(.debug_line)
 .debug_line    0x0000000000000000      0xbfc ./system/src/stm32f0-stdperiph/stm32f0xx_dma.o
 .debug_line    0x0000000000000bfc      0x3a8 ./system/src/stm32f0-stdperiph/stm32f0xx_misc.o
 .debug_line    0x0000000000000fa4      0xaac ./system/src/stm32f0-stdperiph/stm32f0xx_rcc.o
 .debug_line    0x0000000000001a50     0x11d4 ./system/src/stm32f0-stdperiph/stm32f0xx_usart.o
 .debug_line    0x0000000000002c24      0x2ae ./system/src/newlib/_exit.o
 .debug_line    0x0000000000002ed2      0x31d ./system/src/newlib/_startup.o
 .debug_line    0x00000000000031ef      0x34f ./system/src/newlib/_syscalls.o
 .debug_line    0x000000000000353e      0x2d3 ./system/src/newlib/assert.o
 .debug_line    0x0000000000003811      0x356 ./system/src/cortexm/_initialize_hardware.o
 .debug_line    0x0000000000003b67      0x5ef ./system/src/cortexm/exception_handlers.o
 .debug_line    0x0000000000004156      0x39e ./system/src/cmsis/system_stm32f0xx.o
 .debug_line    0x00000000000044f4       0xdc ./system/src/cmsis/vectors_stm32f0xx.o
 .debug_line    0x00000000000045d0      0x75e ./src/main.o

.debug_frame    0x0000000000000000     0x132c
 *(.debug_frame)
 .debug_frame   0x0000000000000000      0x190 ./system/src/stm32f0-stdperiph/stm32f0xx_dma.o
 .debug_frame   0x0000000000000190       0x70 ./system/src/stm32f0-stdperiph/stm32f0xx_misc.o
 .debug_frame   0x0000000000000200      0x524 ./system/src/stm32f0-stdperiph/stm32f0xx_rcc.o
 .debug_frame   0x0000000000000724      0x630 ./system/src/stm32f0-stdperiph/stm32f0xx_usart.o
 .debug_frame   0x0000000000000d54       0x50 ./system/src/newlib/_exit.o
 .debug_frame   0x0000000000000da4       0xb0 ./system/src/newlib/_startup.o
 .debug_frame   0x0000000000000e54       0x70 ./system/src/newlib/_syscalls.o
 .debug_frame   0x0000000000000ec4       0x50 ./system/src/newlib/assert.o
 .debug_frame   0x0000000000000f14       0x48 ./system/src/cortexm/_initialize_hardware.o
 .debug_frame   0x0000000000000f5c       0xcc ./system/src/cortexm/exception_handlers.o
 .debug_frame   0x0000000000001028       0x6c ./system/src/cmsis/system_stm32f0xx.o
 .debug_frame   0x0000000000001094       0x2c ./system/src/cmsis/vectors_stm32f0xx.o
 .debug_frame   0x00000000000010c0      0x22c ./src/main.o
 .debug_frame   0x00000000000012ec       0x20 /opt/gcc-arm/bin/../lib/gcc/arm-none-eabi/7.2.1/thumb/v6-m/libgcc.a(_udivsi3.o)
 .debug_frame   0x000000000000130c       0x20 /opt/gcc-arm/bin/../lib/gcc/arm-none-eabi/7.2.1/../../../../arm-none-eabi/lib/thumb/v6-m/libg_nano.a(lib_a-abs.o)

.debug_str      0x0000000000000000    0x52618
 *(.debug_str)
 .debug_str     0x0000000000000000    0x4a89f ./system/src/stm32f0-stdperiph/stm32f0xx_dma.o
                                      0x4aa16 (size before relaxing)
 .debug_str     0x000000000004a89f      0x175 ./system/src/stm32f0-stdperiph/stm32f0xx_misc.o
                                      0x4a44d (size before relaxing)
 .debug_str     0x000000000004aa14      0x66a ./system/src/stm32f0-stdperiph/stm32f0xx_rcc.o
                                      0x4a998 (size before relaxing)
 .debug_str     0x000000000004b07e      0x80e ./system/src/stm32f0-stdperiph/stm32f0xx_usart.o
                                      0x4ac00 (size before relaxing)
 .debug_str     0x000000000004b88c     0x5002 ./system/src/newlib/_exit.o
                                       0x7e39 (size before relaxing)
 .debug_str     0x000000000005088e      0x217 ./system/src/newlib/_startup.o
                                       0x68d7 (size before relaxing)
 .debug_str     0x0000000000050aa5     0x131b ./system/src/newlib/_syscalls.o
                                       0x80be (size before relaxing)
 .debug_str     0x0000000000051dc0       0xe5 ./system/src/newlib/assert.o
                                       0x893f (size before relaxing)
 .debug_str     0x0000000000051ea5       0x88 ./system/src/cortexm/_initialize_hardware.o
                                      0x4a321 (size before relaxing)
 .debug_str     0x0000000000051f2d      0x16c ./system/src/cortexm/exception_handlers.o
                                      0x4f447 (size before relaxing)
 .debug_str     0x0000000000052099       0x78 ./system/src/cmsis/system_stm32f0xx.o
                                      0x4a3c7 (size before relaxing)
 .debug_str     0x0000000000052111       0x56 ./system/src/cmsis/vectors_stm32f0xx.o
                                       0x37c6 (size before relaxing)
 .debug_str     0x0000000000052167      0x4b1 ./src/main.o
                                      0x4fbc6 (size before relaxing)

.debug_loc
 *(.debug_loc)

.debug_macinfo
 *(.debug_macinfo)

.debug_weaknames
 *(.debug_weaknames)

.debug_funcnames
 *(.debug_funcnames)

.debug_typenames
 *(.debug_typenames)

.debug_varnames
 *(.debug_varnames)
OUTPUT(motion-tracking.elf elf32-littlearm)

.debug_ranges   0x0000000000000000      0x508
 .debug_ranges  0x0000000000000000       0x68 ./system/src/stm32f0-stdperiph/stm32f0xx_dma.o
 .debug_ranges  0x0000000000000068       0x20 ./system/src/stm32f0-stdperiph/stm32f0xx_misc.o
 .debug_ranges  0x0000000000000088      0x150 ./system/src/stm32f0-stdperiph/stm32f0xx_rcc.o
 .debug_ranges  0x00000000000001d8      0x190 ./system/src/stm32f0-stdperiph/stm32f0xx_usart.o
 .debug_ranges  0x0000000000000368       0x18 ./system/src/newlib/_exit.o
 .debug_ranges  0x0000000000000380       0x30 ./system/src/newlib/_startup.o
 .debug_ranges  0x00000000000003b0       0x20 ./system/src/newlib/_syscalls.o
 .debug_ranges  0x00000000000003d0       0x18 ./system/src/newlib/assert.o
 .debug_ranges  0x00000000000003e8       0x18 ./system/src/cortexm/_initialize_hardware.o
 .debug_ranges  0x0000000000000400       0x40 ./system/src/cortexm/exception_handlers.o
 .debug_ranges  0x0000000000000440       0x20 ./system/src/cmsis/system_stm32f0xx.o
 .debug_ranges  0x0000000000000460       0x10 ./system/src/cmsis/vectors_stm32f0xx.o
 .debug_ranges  0x0000000000000470       0x98 ./src/main.o

.debug_macro    0x0000000000000000     0xdb02
 .debug_macro   0x0000000000000000      0x1b9 ./system/src/stm32f0-stdperiph/stm32f0xx_dma.o
 .debug_macro   0x00000000000001b9      0xa4e ./system/src/stm32f0-stdperiph/stm32f0xx_dma.o
 .debug_macro   0x0000000000000c07       0x7a ./system/src/stm32f0-stdperiph/stm32f0xx_dma.o
 .debug_macro   0x0000000000000c81      0x34e ./system/src/stm32f0-stdperiph/stm32f0xx_dma.o
 .debug_macro   0x0000000000000fcf       0x35 ./system/src/stm32f0-stdperiph/stm32f0xx_dma.o
 .debug_macro   0x0000000000001004       0x26 ./system/src/stm32f0-stdperiph/stm32f0xx_dma.o
 .debug_macro   0x000000000000102a      0x30d ./system/src/stm32f0-stdperiph/stm32f0xx_dma.o
 .debug_macro   0x0000000000001337     0x631c ./system/src/stm32f0-stdperiph/stm32f0xx_dma.o
 .debug_macro   0x0000000000007653      0x2eb ./system/src/stm32f0-stdperiph/stm32f0xx_dma.o
 .debug_macro   0x000000000000793e      0x3cf ./system/src/stm32f0-stdperiph/stm32f0xx_dma.o
 .debug_macro   0x0000000000007d0d      0x191 ./system/src/stm32f0-stdperiph/stm32f0xx_dma.o
 .debug_macro   0x0000000000007e9e       0x46 ./system/src/stm32f0-stdperiph/stm32f0xx_dma.o
 .debug_macro   0x0000000000007ee4       0xd9 ./system/src/stm32f0-stdperiph/stm32f0xx_dma.o
 .debug_macro   0x0000000000007fbd       0xef ./system/src/stm32f0-stdperiph/stm32f0xx_dma.o
 .debug_macro   0x00000000000080ac      0x184 ./system/src/stm32f0-stdperiph/stm32f0xx_dma.o
 .debug_macro   0x0000000000008230       0x7c ./system/src/stm32f0-stdperiph/stm32f0xx_dma.o
 .debug_macro   0x00000000000082ac       0xd5 ./system/src/stm32f0-stdperiph/stm32f0xx_dma.o
 .debug_macro   0x0000000000008381      0x240 ./system/src/stm32f0-stdperiph/stm32f0xx_dma.o
 .debug_macro   0x00000000000085c1      0x185 ./system/src/stm32f0-stdperiph/stm32f0xx_dma.o
 .debug_macro   0x0000000000008746      0x471 ./system/src/stm32f0-stdperiph/stm32f0xx_dma.o
 .debug_macro   0x0000000000008bb7      0x2a0 ./system/src/stm32f0-stdperiph/stm32f0xx_dma.o
 .debug_macro   0x0000000000008e57       0x70 ./system/src/stm32f0-stdperiph/stm32f0xx_dma.o
 .debug_macro   0x0000000000008ec7       0xdf ./system/src/stm32f0-stdperiph/stm32f0xx_dma.o
 .debug_macro   0x0000000000008fa6      0x522 ./system/src/stm32f0-stdperiph/stm32f0xx_dma.o
 .debug_macro   0x00000000000094c8      0x4c5 ./system/src/stm32f0-stdperiph/stm32f0xx_dma.o
 .debug_macro   0x000000000000998d      0x396 ./system/src/stm32f0-stdperiph/stm32f0xx_dma.o
 .debug_macro   0x0000000000009d23      0x750 ./system/src/stm32f0-stdperiph/stm32f0xx_dma.o
 .debug_macro   0x000000000000a473      0x356 ./system/src/stm32f0-stdperiph/stm32f0xx_dma.o
 .debug_macro   0x000000000000a7c9       0x34 ./system/src/stm32f0-stdperiph/stm32f0xx_dma.o
 .debug_macro   0x000000000000a7fd       0x3a ./system/src/stm32f0-stdperiph/stm32f0xx_dma.o
 .debug_macro   0x000000000000a837      0x855 ./system/src/stm32f0-stdperiph/stm32f0xx_dma.o
 .debug_macro   0x000000000000b08c      0x165 ./system/src/stm32f0-stdperiph/stm32f0xx_misc.o
 .debug_macro   0x000000000000b1f1       0x34 ./system/src/stm32f0-stdperiph/stm32f0xx_misc.o
 .debug_macro   0x000000000000b225      0x183 ./system/src/stm32f0-stdperiph/stm32f0xx_rcc.o
 .debug_macro   0x000000000000b3a8      0x51c ./system/src/stm32f0-stdperiph/stm32f0xx_rcc.o
 .debug_macro   0x000000000000b8c4      0x17d ./system/src/stm32f0-stdperiph/stm32f0xx_usart.o
 .debug_macro   0x000000000000ba41      0x350 ./system/src/stm32f0-stdperiph/stm32f0xx_usart.o
 .debug_macro   0x000000000000bd91      0x1b4 ./system/src/newlib/_exit.o
 .debug_macro   0x000000000000bf45       0x9c ./system/src/newlib/_exit.o
 .debug_macro   0x000000000000bfe1      0x10e ./system/src/newlib/_exit.o
 .debug_macro   0x000000000000c0ef       0x8d ./system/src/newlib/_exit.o
 .debug_macro   0x000000000000c17c       0x43 ./system/src/newlib/_exit.o
 .debug_macro   0x000000000000c1bf      0x330 ./system/src/newlib/_exit.o
 .debug_macro   0x000000000000c4ef       0x35 ./system/src/newlib/_exit.o
 .debug_macro   0x000000000000c524      0x173 ./system/src/newlib/_startup.o
 .debug_macro   0x000000000000c697      0x217 ./system/src/newlib/_syscalls.o
 .debug_macro   0x000000000000c8ae       0x1c ./system/src/newlib/_syscalls.o
 .debug_macro   0x000000000000c8ca       0x10 ./system/src/newlib/_syscalls.o
 .debug_macro   0x000000000000c8da       0x10 ./system/src/newlib/_syscalls.o
 .debug_macro   0x000000000000c8ea       0x10 ./system/src/newlib/_syscalls.o
 .debug_macro   0x000000000000c8fa       0x35 ./system/src/newlib/_syscalls.o
 .debug_macro   0x000000000000c92f      0x122 ./system/src/newlib/_syscalls.o
 .debug_macro   0x000000000000ca51       0x88 ./system/src/newlib/_syscalls.o
 .debug_macro   0x000000000000cad9       0x2b ./system/src/newlib/_syscalls.o
 .debug_macro   0x000000000000cb04      0x118 ./system/src/newlib/_syscalls.o
 .debug_macro   0x000000000000cc1c      0x189 ./system/src/newlib/_syscalls.o
 .debug_macro   0x000000000000cda5       0x16 ./system/src/newlib/_syscalls.o
 .debug_macro   0x000000000000cdbb      0x1d0 ./system/src/newlib/assert.o
 .debug_macro   0x000000000000cf8b       0x1c ./system/src/newlib/assert.o
 .debug_macro   0x000000000000cfa7      0x165 ./system/src/cortexm/_initialize_hardware.o
 .debug_macro   0x000000000000d10c      0x31e ./system/src/cortexm/exception_handlers.o
 .debug_macro   0x000000000000d42a       0x3b ./system/src/cortexm/exception_handlers.o
 .debug_macro   0x000000000000d465       0x22 ./system/src/cortexm/exception_handlers.o
 .debug_macro   0x000000000000d487       0x10 ./system/src/cortexm/exception_handlers.o
 .debug_macro   0x000000000000d497       0xcf ./system/src/cortexm/exception_handlers.o
 .debug_macro   0x000000000000d566       0xbe ./system/src/cortexm/exception_handlers.o
 .debug_macro   0x000000000000d624       0x10 ./system/src/cortexm/exception_handlers.o
 .debug_macro   0x000000000000d634      0x15b ./system/src/cmsis/system_stm32f0xx.o
 .debug_macro   0x000000000000d78f       0x34 ./system/src/cmsis/vectors_stm32f0xx.o
 .debug_macro   0x000000000000d7c3      0x31d ./src/main.o
 .debug_macro   0x000000000000dae0       0x22 ./src/main.o
